Calculating task graph as no cached configuration is available for tasks: :app:compileDebugKotlin

[Incubating] Problems report is available at: file:///C:/Users/jehan/Documents/ArchiveTune/build/reports/problems/problems-report.html

Deprecated Gradle features were used in this build, making it incompatible with Gradle 10.

You can use '--warning-mode all' to show the individual deprecation warnings and determine if they come from your own scripts or plugins.

For more on this, please refer to https://docs.gradle.org/9.2.0-milestone-2/userguide/command_line_interface.html#sec:command_line_warnings in the Gradle documentation.
Configuration cache entry stored.
./gradlew : 
At line:1 char:1
+ ./gradlew :app:compileDebugKotlin > build_output.txt 2>&1
+ ~~~~~~~~~~~~~~~~~~~~~~~~~~~~~~~~~~~~~~~~~~~~~~~~~~~~~~~~~
    + CategoryInfo          : NotSpecified: (:String) [], RemoteException
    + FullyQualifiedErrorId : NativeCommandError
 
FAILURE: Build failed with an exception.

* What went wrong:
Cannot locate tasks that match ':app:compileDebugKotlin' as task 'compileDebugKotlin' is ambiguous in project ':app'. 
Candidates are: 'compileArmeabiDebugAndroidTestKotlin', 'compileArmeabiDebugKotlin', 
'compileArmeabiDebugUnitTestKotlin', 'compileUniversalDebugAndroidTestKotlin', 'compileUniversalDebugKotlin', 
'compileUniversalDebugUnitTestKotlin'.

* Try:
> Run gradlew tasks to get a list of available tasks.
> For more on name expansion, please refer to 
https://docs.gradle.org/9.2.0-milestone-2/userguide/command_line_interface.html#sec:name_abbreviation in the Gradle 
documentation.
> Run with --stacktrace option to get the stack trace.
> Run with --info or --debug option to get more log output.
> Run with --scan to generate a Build Scan (powered by Develocity).
> Get more help at https://help.gradle.org.

BUILD FAILED in 1s
